.my-rule {
	color: blue;
	margin: 0;
	display: inline;
}
