#pimcore_panel_tabs > .x-panel-bodyWrap > .x-tab-bar {
	background-image: url("icon.jpg");
	background-position: center;
}
